ERROR: File `74.act', line 1, col 14
	Parameter name cannot be the reserved identifier `self'.
