defproc test ();
function addone (int<32> x) : int<32>;

defproc test ()
{

/* instances */
chan(int<32>) y;
chan(int<32>) x;

/* connections */
dataflow {
int(int(y,32)+0x1,32) -> x
}
}

function addone (int<32> x) : int<32>
{

/* instances */

/* connections */
chp {
self:=x+0x1
}
}


/* instances */
test t;

/* connections */
