defproc test ();
function bar (int<1> arg) : int<1>;

defproc test ()
{

/* instances */
int<1> ff;

/* connections */
chp {
ff:=int(int(int(0x1,1)+0x2,1)+0x2,1)
}
}

function bar (int<1> arg) : int<1>
{

/* instances */
int<1> f;

/* connections */
chp {
self:=arg+0x2
}
}


/* instances */
test t;

/* connections */
