defproc test ();
function addthree (int<32> x) : int<32>;
function addone (int<32> x) : int<32>;

defproc test ()
{

/* instances */
int<32> y;
int<32> x;

/* connections */
chp {
x:=int(int(int(y,32)+0x1,32)+0x3,32)
}
}

function addthree (int<32> x) : int<32>
{

/* instances */

/* connections */
chp {
self:=x+0x3
}
}

function addone (int<32> x) : int<32>
{

/* instances */

/* connections */
chp {
self:=x+0x1;self:=addthree(self)
}
}


/* instances */
test t;

/* connections */
