defproc test ();
function newstruct (struct s) : struct;
function addup (struct s) : int<5>;
deftype struct (int<4> a; int<4> b);

defproc test ()
{

/* instances */
struct _us_0;
int<32> t;
struct s;

/* connections */
chp {
s.a:=0x5;s.b:=0xa;t:=s.a+s.b;_us_0.a:=s.b;_us_0.b:=s.a;s.a:=_us_0.a;s.b:=_us_0.b
}
}

function newstruct (struct s) : struct
{

/* instances */

/* connections */
chp {
self.a:=s.b;self.b:=s.a
}
}

function addup (struct s) : int<5>
{

/* instances */

/* connections */
chp {
self:=s.a+s.b
}
}

deftype struct (int<4> a; int<4> b)
{

/* instances */

/* connections */
}


/* instances */
test t;

/* connections */
