defproc test ();
function addup (struct s) : int<5>;
deftype struct (int<4> a; int<4> b);

defproc test ()
{

/* instances */
chan(int<32>) t;
chan(struct) s;

/* connections */
dataflow {
int(int(s.a,4)+int(s.b,4),5) -> t
}
}

function addup (struct s) : int<5>
{

/* instances */

/* connections */
chp {
self:=s.a+s.b
}
}

deftype struct (int<4> a; int<4> b)
{

/* instances */

/* connections */
}


/* instances */
test t;

/* connections */
