defproc test ();
function bar (int<1> arg) : int<1>;

defproc test ()
{

/* instances */
chan(int<1>) ff;

/* connections */
dataflow {
int(int(int(0x1,1)+0x2,1)+0x2,1) -> ff
}
}

function bar (int<1> arg) : int<1>
{

/* instances */
int<1> f;

/* connections */
chp {
self:=arg+0x2
}
}


/* instances */
test t;

/* connections */
