defproc test ();
function addup (struct s) : struct;
deftype struct (int<4> a; int<4> b);

defproc test ()
{

/* instances */
chan(struct) t;
chan(struct) s;

/* connections */
dataflow {
struct( {int(s.a+s.b,4),int(s.a-s.b,4)}) -> t
}
}

function addup (struct s) : struct
{

/* instances */

/* connections */
chp {
self.a:=s.a+s.b;self.b:=s.a-s.b
}
}

deftype struct (int<4> a; int<4> b)
{

/* instances */

/* connections */
}


/* instances */
test t;

/* connections */
