defproc test ();
function flip_msb (int<4> x) : int<8>;

defproc test ()
{

/* instances */
int<8> y;
int<8> x;

/* connections */
chp {
x:=0x0;y:= {~int(x{0x3..0x0}>>0x3&1,1),int(x{0x3..0x0}>>0x0&7,3)};log("%b",y)
}
}

function flip_msb (int<4> x) : int<8>
{

/* instances */

/* connections */
chp {
x:= {~x{0x3},x{0x2..0x0}};self:=x
}
}


/* instances */
test t;

/* connections */
