defproc test (chan(int<12>)! OUT);
function sign_extend (int<8> in) : int<12>;

defproc test (chan(int<12>)! OUT)
{

/* instances */
int<12> o;
int<8> c;

/* connections */
chp {
c:=0x8c;*[c>0x78 -> o:=int(int(int(c,8)>>0x7&1,1)=0x0 ? int(0x0,12)|int(c,8) : ~int(0x0,12)<<0x8|int(c,8),12);OUT!o]
}
}

function sign_extend (int<8> in) : int<12>
{

/* instances */
int<12> out;

/* connections */
chp {
out:=0x0;self:=in{0x7}=0x0 ? out|in : ~out<<0x8|in
}
}


/* instances */
test t;

/* connections */
