defproc test ();
function addone (int<32> x) : int<32>;

defproc test ()
{

/* instances */
int<32> y;
int<32> x;

/* connections */
chp {
x:=int(int(int(y,32)>>0x4,1),32)
}
}

function addone (int<32> x) : int<32>
{

/* instances */

/* connections */
chp {
self:=x{0x4}
}
}


/* instances */
test t;

/* connections */
