defproc test ();
function addone (int<32> x) : int<32>;

defproc test ()
{

/* instances */
int<32> y;
int<32> x;

/* connections */
chp {
x:=int(int(int(y,32)>>0x2,3),32)
}
}

function addone (int<32> x) : int<32>
{

/* instances */

/* connections */
chp {
self:=x{0x4..0x2}
}
}


/* instances */
test t;

/* connections */
