defproc test ();
function addone (int<32> x) : int<32>;

defproc test ()
{

/* instances */
int<32> y;
int<32> x;

/* connections */
chp {
x:=int((int(y+0x1,32)+0x1)-0x2*int(y+0x1,32),32)
}
}

function addone (int<32> x) : int<32>
{

/* instances */

/* connections */
chp {
self:=(x+0x1)-0x2*x
}
}


/* instances */
test t;

/* connections */
