ERROR: File `131.act', line 8, col 11
	self used as an identifier, but not defined in this scope.
